

================================================================
== Vitis HLS Report for 'exp_generic_double_s'
================================================================
* Date:           Thu Jan 15 17:48:34 2026

* Version:        2020.2 (Build 3064766 on Wed Nov 18 09:12:45 MST 2020)
* Project:        PBDHLS
* Solution:       solution1 (Vivado IP Flow Target)
* Product family: virtex7
* Target device:  xc7vx485t-ffg1157-1


================================================================
== Performance Estimates
================================================================
+ Timing: 
    * Summary: 
    +--------+----------+-----------+------------+
    |  Clock |  Target  | Estimated | Uncertainty|
    +--------+----------+-----------+------------+
    |ap_clk  |  20.00 ns|  14.489 ns|     5.40 ns|
    +--------+----------+-----------+------------+

+ Latency: 
    * Summary: 
    +---------+---------+----------+----------+-----+-----+---------+
    |  Latency (cycles) |  Latency (absolute) |  Interval | Pipeline|
    |   min   |   max   |    min   |    max   | min | max |   Type  |
    +---------+---------+----------+----------+-----+-----+---------+
    |        9|        9|  0.180 us|  0.180 us|    1|    1|      yes|
    +---------+---------+----------+----------+-----+-----+---------+

    + Detail: 
        * Instance: 
        N/A

        * Loop: 
        N/A

============================================================
+ Verbose Summary: Synthesis Manager
============================================================
InlineROM: 1
ExposeGlobal: 0
============================================================
+ Verbose Summary: CDFG Model
============================================================
IsTopModel: 0
ResetActiveHigh: 1
IsCombinational: 0
IsDatapathOnly: 0
HasWiredReturn: 1
HasMFsm: 2
HasVarLatency: 0
IsPipeline: 1
IsRtlPipelined: 1
IsInstanceOverlapped: 0
IsDontTouch: 0
HasImplIP: 0
IsGatedGlobalClock: 0

+ Individual pipeline summary: 
  * Pipeline-0: initiation interval (II) = 1, depth = 10


============================================================
+ Verbose Summary: Schedule
============================================================
* Number of FSM states : 10
* Pipeline : 1
  Pipeline-0 : II = 1, D = 10, States = { 1 2 3 4 5 6 7 8 9 10 }
* Dataflow Pipeline: 0

* FSM state transitions: 
1 --> 2 
2 --> 3 
3 --> 4 
4 --> 5 
5 --> 6 
6 --> 7 
7 --> 8 
8 --> 9 
9 --> 10 
10 --> 

* FSM state operations: 

State 1 <SV = 0> <Delay = 8.35>
ST_1 : Operation 11 [1/1] (0.00ns)   --->   "%x_read = read i64 @_ssdm_op_Read.ap_auto.double, i64 %x" [r:/ci/prod/2020.2/rdi_builds/continuous/2020_11_18_3064766/src/shared/hls/clib/hlsmath/include/FloatingPoint\hls_exp_.h:185]   --->   Operation 11 'read' 'x_read' <Predicate = true> <Delay = 0.00>
ST_1 : Operation 12 [1/1] (0.00ns)   --->   "%data_V = bitcast i64 %x_read" [r:/ci/prod/2020.2/rdi_builds/continuous/2020_11_18_3064766/src/shared/hls/clib/src/hls\utils/x_hls_utils.h:483]   --->   Operation 12 'bitcast' 'data_V' <Predicate = true> <Delay = 0.00>
ST_1 : Operation 13 [1/1] (0.00ns)   --->   "%p_Result_9 = bitselect i1 @_ssdm_op_BitSelect.i1.i64.i32, i64 %data_V, i32 63"   --->   Operation 13 'bitselect' 'p_Result_9' <Predicate = true> <Delay = 0.00>
ST_1 : Operation 14 [1/1] (0.00ns)   --->   "%tmp_22 = partselect i11 @_ssdm_op_PartSelect.i11.i64.i32.i32, i64 %data_V, i32 52, i32 62"   --->   Operation 14 'partselect' 'tmp_22' <Predicate = true> <Delay = 0.00>
ST_1 : Operation 15 [1/1] (0.00ns)   --->   "%tmp_23 = trunc i64 %data_V"   --->   Operation 15 'trunc' 'tmp_23' <Predicate = true> <Delay = 0.00>
ST_1 : Operation 16 [1/1] (1.23ns)   --->   "%icmp_ln209 = icmp_eq  i11 %tmp_22, i11 2047" [r:/ci/prod/2020.2/rdi_builds/continuous/2020_11_18_3064766/src/shared/hls/clib/hlsmath/include/FloatingPoint\hls_exp_.h:209]   --->   Operation 16 'icmp' 'icmp_ln209' <Predicate = true> <Delay = 1.23> <CoreInst = "Cmp">   --->   Core 9 'Cmp' <Latency = 0> <II = 1> <Delay = 1.31> <FuncUnit> <Opcode : 'icmp'> <InPorts = 2> <OutPorts = 1>
ST_1 : Operation 17 [1/1] (1.73ns)   --->   "%icmp_ln18 = icmp_ne  i52 %tmp_23, i52 0" [r:/ci/prod/2020.2/rdi_builds/continuous/2020_11_18_3064766/src/shared/hls/clib/hlsmath/include/FloatingPoint/hls_isnan.h:18]   --->   Operation 17 'icmp' 'icmp_ln18' <Predicate = true> <Delay = 1.73> <CoreInst = "Cmp">   --->   Core 9 'Cmp' <Latency = 0> <II = 1> <Delay = 1.31> <FuncUnit> <Opcode : 'icmp'> <InPorts = 2> <OutPorts = 1>
ST_1 : Operation 18 [1/1] (0.61ns)   --->   "%x_is_NaN = and i1 %icmp_ln209, i1 %icmp_ln18" [r:/ci/prod/2020.2/rdi_builds/continuous/2020_11_18_3064766/src/shared/hls/clib/hlsmath/include/FloatingPoint/hls_isnan.h:18]   --->   Operation 18 'and' 'x_is_NaN' <Predicate = true> <Delay = 0.61> <CoreInst = "LogicGate">   --->   Core 74 'LogicGate' <Latency = 0> <II = 1> <Delay = 0.61> <FuncUnit> <Opcode : 'and' 'or' 'xor'> <InPorts = 2> <OutPorts = 1>
ST_1 : Operation 19 [1/1] (1.73ns)   --->   "%icmp_ln824 = icmp_eq  i52 %tmp_23, i52 0"   --->   Operation 19 'icmp' 'icmp_ln824' <Predicate = true> <Delay = 1.73> <CoreInst = "Cmp">   --->   Core 9 'Cmp' <Latency = 0> <II = 1> <Delay = 1.31> <FuncUnit> <Opcode : 'icmp'> <InPorts = 2> <OutPorts = 1>
ST_1 : Operation 20 [1/1] (0.61ns)   --->   "%x_is_inf = and i1 %icmp_ln209, i1 %icmp_ln824" [r:/ci/prod/2020.2/rdi_builds/continuous/2020_11_18_3064766/src/shared/hls/clib/hlsmath/include/FloatingPoint/hls_isinf.h:18]   --->   Operation 20 'and' 'x_is_inf' <Predicate = true> <Delay = 0.61> <CoreInst = "LogicGate">   --->   Core 74 'LogicGate' <Latency = 0> <II = 1> <Delay = 0.61> <FuncUnit> <Opcode : 'and' 'or' 'xor'> <InPorts = 2> <OutPorts = 1>
ST_1 : Operation 21 [1/1] (0.00ns)   --->   "%zext_ln510 = zext i11 %tmp_22" [r:/ci/prod/2020.2/rdi_builds/continuous/2020_11_18_3064766/src/shared/hls/clib/src/hls\utils/x_hls_utils.h:510]   --->   Operation 21 'zext' 'zext_ln510' <Predicate = true> <Delay = 0.00>
ST_1 : Operation 22 [1/1] (1.46ns)   --->   "%m_exp = add i12 %zext_ln510, i12 3073" [r:/ci/prod/2020.2/rdi_builds/continuous/2020_11_18_3064766/src/shared/hls/clib/src/hls\utils/x_hls_utils.h:510]   --->   Operation 22 'add' 'm_exp' <Predicate = true> <Delay = 1.46> <CoreInst = "Adder">   --->   Core 1 'Adder' <Latency = 0> <II = 1> <Delay = 1.46> <FuncUnit> <Opcode : 'add' 'sub'> <InPorts = 2> <OutPorts = 1>
ST_1 : Operation 23 [1/1] (0.00ns)   --->   "%p_Result_10 = bitconcatenate i54 @_ssdm_op_BitConcatenate.i54.i2.i52, i2 1, i52 %tmp_23"   --->   Operation 23 'bitconcatenate' 'p_Result_10' <Predicate = true> <Delay = 0.00>
ST_1 : Operation 24 [1/1] (1.86ns)   --->   "%e_frac_V_1 = sub i54 0, i54 %p_Result_10"   --->   Operation 24 'sub' 'e_frac_V_1' <Predicate = true> <Delay = 1.86> <CoreInst = "Adder">   --->   Core 1 'Adder' <Latency = 0> <II = 1> <Delay = 1.46> <FuncUnit> <Opcode : 'add' 'sub'> <InPorts = 2> <OutPorts = 1>
ST_1 : Operation 25 [1/1] (0.68ns)   --->   "%select_ln253 = select i1 %p_Result_9, i54 %e_frac_V_1, i54 %p_Result_10" [r:/ci/prod/2020.2/rdi_builds/continuous/2020_11_18_3064766/src/shared/hls/clib/hlsmath/include/FloatingPoint\hls_exp_.h:253]   --->   Operation 25 'select' 'select_ln253' <Predicate = true> <Delay = 0.68> <CoreInst = "Sel">   --->   Core 73 'Sel' <Latency = 0> <II = 1> <Delay = 0.76> <FuncUnit> <Opcode : 'select'> <InPorts = 3> <OutPorts = 1>
ST_1 : Operation 26 [1/1] (0.00ns)   --->   "%m_frac_l_V = bitconcatenate i61 @_ssdm_op_BitConcatenate.i61.i54.i7, i54 %select_ln253, i7 0"   --->   Operation 26 'bitconcatenate' 'm_frac_l_V' <Predicate = true> <Delay = 0.00>
ST_1 : Operation 27 [1/1] (0.00ns)   --->   "%sext_ln256 = sext i61 %m_frac_l_V" [r:/ci/prod/2020.2/rdi_builds/continuous/2020_11_18_3064766/src/shared/hls/clib/hlsmath/include/FloatingPoint\hls_exp_.h:256]   --->   Operation 27 'sext' 'sext_ln256' <Predicate = true> <Delay = 0.00>
ST_1 : Operation 28 [1/1] (0.00ns)   --->   "%isNeg = bitselect i1 @_ssdm_op_BitSelect.i1.i12.i32, i12 %m_exp, i32 11"   --->   Operation 28 'bitselect' 'isNeg' <Predicate = true> <Delay = 0.00>
ST_1 : Operation 29 [1/1] (1.46ns)   --->   "%sub_ln1311 = sub i11 1023, i11 %tmp_22"   --->   Operation 29 'sub' 'sub_ln1311' <Predicate = true> <Delay = 1.46> <CoreInst = "Adder">   --->   Core 1 'Adder' <Latency = 0> <II = 1> <Delay = 1.46> <FuncUnit> <Opcode : 'add' 'sub'> <InPorts = 2> <OutPorts = 1>
ST_1 : Operation 30 [1/1] (0.00ns)   --->   "%sext_ln1311 = sext i11 %sub_ln1311"   --->   Operation 30 'sext' 'sext_ln1311' <Predicate = true> <Delay = 0.00>
ST_1 : Operation 31 [1/1] (0.76ns)   --->   "%ush = select i1 %isNeg, i12 %sext_ln1311, i12 %m_exp"   --->   Operation 31 'select' 'ush' <Predicate = true> <Delay = 0.76> <CoreInst = "Sel">   --->   Core 73 'Sel' <Latency = 0> <II = 1> <Delay = 0.76> <FuncUnit> <Opcode : 'select'> <InPorts = 3> <OutPorts = 1>
ST_1 : Operation 32 [1/1] (0.00ns)   --->   "%sh_prom_i_i360_cast_cast_cast = sext i12 %ush"   --->   Operation 32 'sext' 'sh_prom_i_i360_cast_cast_cast' <Predicate = true> <Delay = 0.00>
ST_1 : Operation 33 [1/1] (0.00ns)   --->   "%sh_prom_i_i360_cast_cast_cast_cast = zext i32 %sh_prom_i_i360_cast_cast_cast"   --->   Operation 33 'zext' 'sh_prom_i_i360_cast_cast_cast_cast' <Predicate = true> <Delay = 0.00>
ST_1 : Operation 34 [1/1] (0.00ns) (grouped into LUT with out node r_V_13)   --->   "%r_V = ashr i71 %sext_ln256, i71 %sh_prom_i_i360_cast_cast_cast_cast"   --->   Operation 34 'ashr' 'r_V' <Predicate = true> <Delay = 0.00> <CoreInst = "Shifter">   --->   Core 75 'Shifter' <Latency = 0> <II = 1> <Delay = 2.91> <FuncUnit> <Opcode : 'shl' 'lshr' 'ashr'> <InPorts = 2> <OutPorts = 1>
ST_1 : Operation 35 [1/1] (0.00ns) (grouped into LUT with out node r_V_13)   --->   "%r_V_1 = shl i71 %sext_ln256, i71 %sh_prom_i_i360_cast_cast_cast_cast"   --->   Operation 35 'shl' 'r_V_1' <Predicate = true> <Delay = 0.00> <CoreInst = "Shifter">   --->   Core 75 'Shifter' <Latency = 0> <II = 1> <Delay = 2.91> <FuncUnit> <Opcode : 'shl' 'lshr' 'ashr'> <InPorts = 2> <OutPorts = 1>
ST_1 : Operation 36 [1/1] (2.89ns) (out node of the LUT)   --->   "%r_V_13 = select i1 %isNeg, i71 %r_V, i71 %r_V_1"   --->   Operation 36 'select' 'r_V_13' <Predicate = true> <Delay = 2.89> <CoreInst = "Sel">   --->   Core 73 'Sel' <Latency = 0> <II = 1> <Delay = 0.76> <FuncUnit> <Opcode : 'select'> <InPorts = 3> <OutPorts = 1>
ST_1 : Operation 37 [1/1] (0.00ns)   --->   "%m_fix_l = partselect i64 @_ssdm_op_PartSelect.i64.i71.i32.i32, i71 %r_V_13, i32 7, i32 70"   --->   Operation 37 'partselect' 'm_fix_l' <Predicate = true> <Delay = 0.00>
ST_1 : Operation 38 [1/1] (0.00ns)   --->   "%sh_prom_i_i340_cast_cast_cast_cast = zext i32 %sh_prom_i_i360_cast_cast_cast"   --->   Operation 38 'zext' 'sh_prom_i_i340_cast_cast_cast_cast' <Predicate = true> <Delay = 0.00>
ST_1 : Operation 39 [1/1] (0.00ns) (grouped into LUT with out node icmp_ln1453)   --->   "%r_V_3 = shl i64 %m_fix_l, i64 %sh_prom_i_i340_cast_cast_cast_cast"   --->   Operation 39 'shl' 'r_V_3' <Predicate = true> <Delay = 0.00> <CoreInst = "Shifter">   --->   Core 75 'Shifter' <Latency = 0> <II = 1> <Delay = 2.91> <FuncUnit> <Opcode : 'shl' 'lshr' 'ashr'> <InPorts = 2> <OutPorts = 1>
ST_1 : Operation 40 [1/1] (0.00ns) (grouped into LUT with out node icmp_ln1453)   --->   "%r_V_4 = ashr i64 %m_fix_l, i64 %sh_prom_i_i340_cast_cast_cast_cast"   --->   Operation 40 'ashr' 'r_V_4' <Predicate = true> <Delay = 0.00> <CoreInst = "Shifter">   --->   Core 75 'Shifter' <Latency = 0> <II = 1> <Delay = 2.91> <FuncUnit> <Opcode : 'shl' 'lshr' 'ashr'> <InPorts = 2> <OutPorts = 1>
ST_1 : Operation 41 [1/1] (0.00ns)   --->   "%m_fix_hi = partselect i16 @_ssdm_op_PartSelect.i16.i71.i32.i32, i71 %r_V_13, i32 55, i32 70"   --->   Operation 41 'partselect' 'm_fix_hi' <Predicate = true> <Delay = 0.00>
ST_1 : Operation 42 [1/1] (0.00ns)   --->   "%p_Result_11 = bitselect i1 @_ssdm_op_BitSelect.i1.i71.i32, i71 %r_V_13, i32 70"   --->   Operation 42 'bitselect' 'p_Result_11' <Predicate = true> <Delay = 0.00>
ST_1 : Operation 43 [1/1] (0.00ns)   --->   "%sext_ln1070 = sext i16 %m_fix_hi"   --->   Operation 43 'sext' 'sext_ln1070' <Predicate = true> <Delay = 0.00>
ST_1 : Operation 44 [3/3] (0.99ns) (grouped into DSP with root node ret_V_7)   --->   "%r_V_14 = mul i31 %sext_ln1070, i31 23637"   --->   Operation 44 'mul' 'r_V_14' <Predicate = true> <Delay = 0.99> <CoreInst = "DSP48">   --->   Core 119 'DSP48' <Latency = 3> <II = 1> <Delay = 1.82> <IPBlock> <Opcode : 'mul' 'add' 'sub' 'select'> <InPorts = 0> <OutPorts = 1> <Sync> <CReg>
ST_1 : Operation 45 [1/1] (0.00ns)   --->   "%trunc_ln657 = trunc i71 %r_V_13"   --->   Operation 45 'trunc' 'trunc_ln657' <Predicate = true> <Delay = 0.00>
ST_1 : Operation 46 [1/1] (1.27ns)   --->   "%icmp_ln338 = icmp_sgt  i12 %m_exp, i12 0" [r:/ci/prod/2020.2/rdi_builds/continuous/2020_11_18_3064766/src/shared/hls/clib/hlsmath/include/FloatingPoint\hls_exp_.h:338]   --->   Operation 46 'icmp' 'icmp_ln338' <Predicate = true> <Delay = 1.27> <CoreInst = "Cmp">   --->   Core 9 'Cmp' <Latency = 0> <II = 1> <Delay = 1.31> <FuncUnit> <Opcode : 'icmp'> <InPorts = 2> <OutPorts = 1>
ST_1 : Operation 47 [1/1] (0.00ns) (grouped into LUT with out node icmp_ln1453)   --->   "%select_ln1322 = select i1 %isNeg, i64 %r_V_3, i64 %r_V_4"   --->   Operation 47 'select' 'select_ln1322' <Predicate = true> <Delay = 0.00> <CoreInst = "Sel">   --->   Core 73 'Sel' <Latency = 0> <II = 1> <Delay = 0.76> <FuncUnit> <Opcode : 'select'> <InPorts = 3> <OutPorts = 1>
ST_1 : Operation 48 [1/1] (0.00ns) (grouped into LUT with out node icmp_ln1453)   --->   "%shl_ln = bitconcatenate i71 @_ssdm_op_BitConcatenate.i71.i64.i7, i64 %select_ln1322, i7 0"   --->   Operation 48 'bitconcatenate' 'shl_ln' <Predicate = true> <Delay = 0.00>
ST_1 : Operation 49 [1/1] (2.91ns) (out node of the LUT)   --->   "%icmp_ln1453 = icmp_ne  i71 %shl_ln, i71 %sext_ln256"   --->   Operation 49 'icmp' 'icmp_ln1453' <Predicate = true> <Delay = 2.91> <CoreInst = "Cmp">   --->   Core 9 'Cmp' <Latency = 0> <II = 1> <Delay = 1.31> <FuncUnit> <Opcode : 'icmp'> <InPorts = 2> <OutPorts = 1>

State 2 <SV = 1> <Delay = 0.99>
ST_2 : Operation 50 [2/3] (0.99ns) (grouped into DSP with root node ret_V_7)   --->   "%r_V_14 = mul i31 %sext_ln1070, i31 23637"   --->   Operation 50 'mul' 'r_V_14' <Predicate = true> <Delay = 0.99> <CoreInst = "DSP48">   --->   Core 119 'DSP48' <Latency = 3> <II = 1> <Delay = 1.82> <IPBlock> <Opcode : 'mul' 'add' 'sub' 'select'> <InPorts = 0> <OutPorts = 1> <Sync> <CReg>

State 3 <SV = 2> <Delay = 1.78>
ST_3 : Operation 51 [1/3] (0.00ns) (grouped into DSP with root node ret_V_7)   --->   "%r_V_14 = mul i31 %sext_ln1070, i31 23637"   --->   Operation 51 'mul' 'r_V_14' <Predicate = true> <Delay = 0.00> <CoreInst = "DSP48">   --->   Core 119 'DSP48' <Latency = 3> <II = 1> <Delay = 1.82> <IPBlock> <Opcode : 'mul' 'add' 'sub' 'select'> <InPorts = 0> <OutPorts = 1> <Sync> <CReg>
ST_3 : Operation 52 [1/1] (0.00ns)   --->   "%rhs = bitconcatenate i19 @_ssdm_op_BitConcatenate.i19.i1.i18, i1 %p_Result_11, i18 131072"   --->   Operation 52 'bitconcatenate' 'rhs' <Predicate = true> <Delay = 0.00>
ST_3 : Operation 53 [1/1] (0.00ns)   --->   "%sext_ln1146 = sext i19 %rhs"   --->   Operation 53 'sext' 'sext_ln1146' <Predicate = true> <Delay = 0.00>
ST_3 : Operation 54 [2/2] (1.78ns) (root node of the DSP)   --->   "%ret_V_7 = add i31 %sext_ln1146, i31 %r_V_14"   --->   Operation 54 'add' 'ret_V_7' <Predicate = true> <Delay = 1.78> <CoreInst = "DSP48">   --->   Core 119 'DSP48' <Latency = 3> <II = 1> <Delay = 1.82> <IPBlock> <Opcode : 'mul' 'add' 'sub' 'select'> <InPorts = 0> <OutPorts = 1> <Sync> <CReg>

State 4 <SV = 3> <Delay = 4.09>
ST_4 : Operation 55 [1/2] (1.78ns) (root node of the DSP)   --->   "%ret_V_7 = add i31 %sext_ln1146, i31 %r_V_14"   --->   Operation 55 'add' 'ret_V_7' <Predicate = true> <Delay = 1.78> <CoreInst = "DSP48">   --->   Core 119 'DSP48' <Latency = 3> <II = 1> <Delay = 1.82> <IPBlock> <Opcode : 'mul' 'add' 'sub' 'select'> <InPorts = 0> <OutPorts = 1> <Sync> <CReg>
ST_4 : Operation 56 [1/1] (0.00ns)   --->   "%ret_V_cast = partselect i13 @_ssdm_op_PartSelect.i13.i31.i32.i32, i31 %ret_V_7, i32 18, i32 30"   --->   Operation 56 'partselect' 'ret_V_cast' <Predicate = true> <Delay = 0.00>
ST_4 : Operation 57 [1/1] (0.00ns) (grouped into LUT with out node ret_V_8)   --->   "%p_Result_s = bitselect i1 @_ssdm_op_BitSelect.i1.i31.i32, i31 %ret_V_7, i32 30"   --->   Operation 57 'bitselect' 'p_Result_s' <Predicate = true> <Delay = 0.00>
ST_4 : Operation 58 [1/1] (0.00ns)   --->   "%trunc_ln805 = trunc i31 %ret_V_7"   --->   Operation 58 'trunc' 'trunc_ln805' <Predicate = true> <Delay = 0.00>
ST_4 : Operation 59 [1/1] (1.44ns)   --->   "%icmp_ln805 = icmp_eq  i18 %trunc_ln805, i18 0"   --->   Operation 59 'icmp' 'icmp_ln805' <Predicate = true> <Delay = 1.44> <CoreInst = "Cmp">   --->   Core 9 'Cmp' <Latency = 0> <II = 1> <Delay = 1.31> <FuncUnit> <Opcode : 'icmp'> <InPorts = 2> <OutPorts = 1>
ST_4 : Operation 60 [1/1] (1.51ns)   --->   "%ret_V = add i13 %ret_V_cast, i13 1"   --->   Operation 60 'add' 'ret_V' <Predicate = true> <Delay = 1.51> <CoreInst = "Adder">   --->   Core 1 'Adder' <Latency = 0> <II = 1> <Delay = 1.46> <FuncUnit> <Opcode : 'add' 'sub'> <InPorts = 2> <OutPorts = 1>
ST_4 : Operation 61 [1/1] (0.00ns) (grouped into LUT with out node ret_V_8)   --->   "%select_ln804 = select i1 %icmp_ln805, i13 %ret_V_cast, i13 %ret_V"   --->   Operation 61 'select' 'select_ln804' <Predicate = true> <Delay = 0.00> <CoreInst = "Sel">   --->   Core 73 'Sel' <Latency = 0> <II = 1> <Delay = 0.76> <FuncUnit> <Opcode : 'select'> <InPorts = 3> <OutPorts = 1>
ST_4 : Operation 62 [1/1] (0.80ns) (out node of the LUT)   --->   "%ret_V_8 = select i1 %p_Result_s, i13 %select_ln804, i13 %ret_V_cast"   --->   Operation 62 'select' 'ret_V_8' <Predicate = true> <Delay = 0.80> <CoreInst = "Sel">   --->   Core 73 'Sel' <Latency = 0> <II = 1> <Delay = 0.76> <FuncUnit> <Opcode : 'select'> <InPorts = 3> <OutPorts = 1>

State 5 <SV = 4> <Delay = 12.1>
ST_5 : Operation 63 [1/1] (0.00ns)   --->   "%sext_ln1069 = sext i13 %ret_V_8"   --->   Operation 63 'sext' 'sext_ln1069' <Predicate = true> <Delay = 0.00>
ST_5 : Operation 64 [1/1] (10.2ns)   --->   "%r_V_8 = mul i71 %sext_ln1069, i71 1636647506585939924452"   --->   Operation 64 'mul' 'r_V_8' <Predicate = true> <Delay = 10.2> <CoreInst = "Multiplier">   --->   Core 3 'Multiplier' <Latency = 0> <II = 1> <Delay = 8.20> <FuncUnit> <Opcode : 'mul'> <InPorts = 2> <OutPorts = 1>
ST_5 : Operation 65 [1/1] (0.00ns)   --->   "%tmp_2 = partselect i58 @_ssdm_op_PartSelect.i58.i71.i32.i32, i71 %r_V_8, i32 13, i32 70"   --->   Operation 65 'partselect' 'tmp_2' <Predicate = true> <Delay = 0.00>
ST_5 : Operation 66 [1/1] (0.00ns)   --->   "%and_ln = bitconcatenate i59 @_ssdm_op_BitConcatenate.i59.i58.i1, i58 %tmp_2, i1 0"   --->   Operation 66 'bitconcatenate' 'and_ln' <Predicate = true> <Delay = 0.00>
ST_5 : Operation 67 [1/1] (1.92ns)   --->   "%m_diff_V = sub i59 %trunc_ln657, i59 %and_ln"   --->   Operation 67 'sub' 'm_diff_V' <Predicate = true> <Delay = 1.92> <CoreInst = "Adder">   --->   Core 1 'Adder' <Latency = 0> <II = 1> <Delay = 1.46> <FuncUnit> <Opcode : 'add' 'sub'> <InPorts = 2> <OutPorts = 1>
ST_5 : Operation 68 [1/1] (0.00ns)   --->   "%m_diff_hi_V = partselect i8 @_ssdm_op_PartSelect.i8.i59.i32.i32, i59 %m_diff_V, i32 51, i32 58"   --->   Operation 68 'partselect' 'm_diff_hi_V' <Predicate = true> <Delay = 0.00>
ST_5 : Operation 69 [1/1] (0.00ns)   --->   "%Z2_V = partselect i8 @_ssdm_op_PartSelect.i8.i59.i32.i32, i59 %m_diff_V, i32 43, i32 50"   --->   Operation 69 'partselect' 'Z2_V' <Predicate = true> <Delay = 0.00>
ST_5 : Operation 70 [1/1] (0.00ns)   --->   "%Z3_V = partselect i8 @_ssdm_op_PartSelect.i8.i59.i32.i32, i59 %m_diff_V, i32 35, i32 42"   --->   Operation 70 'partselect' 'Z3_V' <Predicate = true> <Delay = 0.00>
ST_5 : Operation 71 [1/1] (0.00ns)   --->   "%Z4 = trunc i59 %m_diff_V"   --->   Operation 71 'trunc' 'Z4' <Predicate = true> <Delay = 0.00>
ST_5 : Operation 72 [1/1] (0.00ns)   --->   "%Z4_ind = partselect i8 @_ssdm_op_PartSelect.i8.i59.i32.i32, i59 %m_diff_V, i32 27, i32 34"   --->   Operation 72 'partselect' 'Z4_ind' <Predicate = true> <Delay = 0.00>

State 6 <SV = 5> <Delay = 2.66>
ST_6 : Operation 73 [1/1] (0.00ns)   --->   "%zext_ln488_1 = zext i8 %Z4_ind"   --->   Operation 73 'zext' 'zext_ln488_1' <Predicate = true> <Delay = 0.00>
ST_6 : Operation 74 [1/1] (0.00ns)   --->   "%table_f_Z3_ap_ufixed_59_0_ap_q_mode_5_ap_o_mode_3_0_array_V_addr = getelementptr i26 %table_f_Z3_ap_ufixed_59_0_ap_q_mode_5_ap_o_mode_3_0_array_V, i64 0, i64 %zext_ln488_1"   --->   Operation 74 'getelementptr' 'table_f_Z3_ap_ufixed_59_0_ap_q_mode_5_ap_o_mode_3_0_array_V_addr' <Predicate = true> <Delay = 0.00>
ST_6 : Operation 75 [2/2] (2.66ns)   --->   "%table_f_Z3_ap_ufixed_59_0_ap_q_mode_5_ap_o_mode_3_0_array_V_load = load i8 %table_f_Z3_ap_ufixed_59_0_ap_q_mode_5_ap_o_mode_3_0_array_V_addr"   --->   Operation 75 'load' 'table_f_Z3_ap_ufixed_59_0_ap_q_mode_5_ap_o_mode_3_0_array_V_load' <Predicate = true> <Delay = 2.66> <CoreInst = "ROM">   --->   Core 95 'ROM' <Latency = 1> <II = 1> <Delay = 2.66> <Storage> <Opcode : 'load'> <Ports = 0> <Width = 26> <Depth = 256> <ROM>
ST_6 : Operation 76 [1/1] (0.00ns)   --->   "%zext_ln488_2 = zext i8 %Z3_V"   --->   Operation 76 'zext' 'zext_ln488_2' <Predicate = true> <Delay = 0.00>
ST_6 : Operation 77 [1/1] (0.00ns)   --->   "%table_f_Z3_ap_ufixed_59_0_ap_q_mode_5_ap_o_mode_3_0_array_V_addr_1 = getelementptr i26 %table_f_Z3_ap_ufixed_59_0_ap_q_mode_5_ap_o_mode_3_0_array_V, i64 0, i64 %zext_ln488_2"   --->   Operation 77 'getelementptr' 'table_f_Z3_ap_ufixed_59_0_ap_q_mode_5_ap_o_mode_3_0_array_V_addr_1' <Predicate = true> <Delay = 0.00>
ST_6 : Operation 78 [2/2] (2.66ns)   --->   "%f_Z3 = load i8 %table_f_Z3_ap_ufixed_59_0_ap_q_mode_5_ap_o_mode_3_0_array_V_addr_1"   --->   Operation 78 'load' 'f_Z3' <Predicate = true> <Delay = 2.66> <CoreInst = "ROM">   --->   Core 95 'ROM' <Latency = 1> <II = 1> <Delay = 2.66> <Storage> <Opcode : 'load'> <Ports = 0> <Width = 26> <Depth = 256> <ROM>

State 7 <SV = 6> <Delay = 13.7>
ST_7 : Operation 79 [1/1] (0.00ns)   --->   "%zext_ln488 = zext i8 %m_diff_hi_V"   --->   Operation 79 'zext' 'zext_ln488' <Predicate = true> <Delay = 0.00>
ST_7 : Operation 80 [1/1] (0.00ns)   --->   "%table_exp_Z1_ap_ufixed_58_1_ap_q_mode_5_ap_o_mode_3_0_array_V_addr = getelementptr i58 %table_exp_Z1_ap_ufixed_58_1_ap_q_mode_5_ap_o_mode_3_0_array_V, i64 0, i64 %zext_ln488" [r:/ci/prod/2020.2/rdi_builds/continuous/2020_11_18_3064766/src/shared/hls/clib/hlsmath/include/FloatingPoint\hls_exp_.h:321]   --->   Operation 80 'getelementptr' 'table_exp_Z1_ap_ufixed_58_1_ap_q_mode_5_ap_o_mode_3_0_array_V_addr' <Predicate = true> <Delay = 0.00>
ST_7 : Operation 81 [2/2] (2.66ns)   --->   "%exp_Z1_V = load i8 %table_exp_Z1_ap_ufixed_58_1_ap_q_mode_5_ap_o_mode_3_0_array_V_addr" [r:/ci/prod/2020.2/rdi_builds/continuous/2020_11_18_3064766/src/shared/hls/clib/hlsmath/include/FloatingPoint\hls_exp_.h:321]   --->   Operation 81 'load' 'exp_Z1_V' <Predicate = true> <Delay = 2.66> <CoreInst = "ROM">   --->   Core 95 'ROM' <Latency = 1> <II = 1> <Delay = 2.66> <Storage> <Opcode : 'load'> <Ports = 0> <Width = 58> <Depth = 256> <ROM>
ST_7 : Operation 82 [1/2] (2.66ns)   --->   "%table_f_Z3_ap_ufixed_59_0_ap_q_mode_5_ap_o_mode_3_0_array_V_load = load i8 %table_f_Z3_ap_ufixed_59_0_ap_q_mode_5_ap_o_mode_3_0_array_V_addr"   --->   Operation 82 'load' 'table_f_Z3_ap_ufixed_59_0_ap_q_mode_5_ap_o_mode_3_0_array_V_load' <Predicate = true> <Delay = 2.66> <CoreInst = "ROM">   --->   Core 95 'ROM' <Latency = 1> <II = 1> <Delay = 2.66> <Storage> <Opcode : 'load'> <Ports = 0> <Width = 26> <Depth = 256> <ROM>
ST_7 : Operation 83 [1/1] (0.00ns)   --->   "%r = partselect i10 @_ssdm_op_PartSelect.i10.i26.i32.i32, i26 %table_f_Z3_ap_ufixed_59_0_ap_q_mode_5_ap_o_mode_3_0_array_V_load, i32 16, i32 25"   --->   Operation 83 'partselect' 'r' <Predicate = true> <Delay = 0.00>
ST_7 : Operation 84 [1/1] (0.00ns)   --->   "%zext_ln657 = zext i35 %Z4"   --->   Operation 84 'zext' 'zext_ln657' <Predicate = true> <Delay = 0.00>
ST_7 : Operation 85 [1/1] (0.00ns)   --->   "%zext_ln657_1 = zext i10 %r"   --->   Operation 85 'zext' 'zext_ln657_1' <Predicate = true> <Delay = 0.00>
ST_7 : Operation 86 [1/1] (1.67ns)   --->   "%ret_V_9 = add i36 %zext_ln657, i36 %zext_ln657_1"   --->   Operation 86 'add' 'ret_V_9' <Predicate = true> <Delay = 1.67> <CoreInst = "Adder">   --->   Core 1 'Adder' <Latency = 0> <II = 1> <Delay = 1.46> <FuncUnit> <Opcode : 'add' 'sub'> <InPorts = 2> <OutPorts = 1>
ST_7 : Operation 87 [1/2] (2.66ns)   --->   "%f_Z3 = load i8 %table_f_Z3_ap_ufixed_59_0_ap_q_mode_5_ap_o_mode_3_0_array_V_addr_1"   --->   Operation 87 'load' 'f_Z3' <Predicate = true> <Delay = 2.66> <CoreInst = "ROM">   --->   Core 95 'ROM' <Latency = 1> <II = 1> <Delay = 2.66> <Storage> <Opcode : 'load'> <Ports = 0> <Width = 26> <Depth = 256> <ROM>
ST_7 : Operation 88 [1/1] (0.00ns)   --->   "%ret_V_10 = bitconcatenate i43 @_ssdm_op_BitConcatenate.i43.i8.i9.i26, i8 %Z3_V, i9 0, i26 %f_Z3"   --->   Operation 88 'bitconcatenate' 'ret_V_10' <Predicate = true> <Delay = 0.00>
ST_7 : Operation 89 [1/1] (0.00ns)   --->   "%zext_ln1069 = zext i43 %ret_V_10"   --->   Operation 89 'zext' 'zext_ln1069' <Predicate = true> <Delay = 0.00>
ST_7 : Operation 90 [1/1] (0.00ns)   --->   "%zext_ln1072 = zext i36 %ret_V_9"   --->   Operation 90 'zext' 'zext_ln1072' <Predicate = true> <Delay = 0.00>
ST_7 : Operation 91 [1/1] (7.68ns)   --->   "%r_V_10 = mul i79 %zext_ln1069, i79 %zext_ln1072"   --->   Operation 91 'mul' 'r_V_10' <Predicate = true> <Delay = 7.68> <CoreInst = "Multiplier">   --->   Core 3 'Multiplier' <Latency = 0> <II = 1> <Delay = 8.20> <FuncUnit> <Opcode : 'mul'> <InPorts = 2> <OutPorts = 1>
ST_7 : Operation 92 [1/1] (0.00ns)   --->   "%trunc_ln657_4 = partselect i20 @_ssdm_op_PartSelect.i20.i79.i32.i32, i79 %r_V_10, i32 59, i32 78"   --->   Operation 92 'partselect' 'trunc_ln657_4' <Predicate = true> <Delay = 0.00>
ST_7 : Operation 93 [1/1] (0.00ns)   --->   "%zext_ln657_2 = zext i20 %trunc_ln657_4"   --->   Operation 93 'zext' 'zext_ln657_2' <Predicate = true> <Delay = 0.00>
ST_7 : Operation 94 [1/1] (1.69ns)   --->   "%add_ln657 = add i36 %ret_V_9, i36 %zext_ln657_2"   --->   Operation 94 'add' 'add_ln657' <Predicate = true> <Delay = 1.69> <CoreInst = "Adder">   --->   Core 1 'Adder' <Latency = 0> <II = 1> <Delay = 1.46> <FuncUnit> <Opcode : 'add' 'sub'> <InPorts = 2> <OutPorts = 1>
ST_7 : Operation 95 [1/1] (0.00ns)   --->   "%zext_ln488_3 = zext i8 %Z2_V"   --->   Operation 95 'zext' 'zext_ln488_3' <Predicate = true> <Delay = 0.00>
ST_7 : Operation 96 [1/1] (0.00ns)   --->   "%table_f_Z2_ap_ufixed_59_0_ap_q_mode_5_ap_o_mode_3_0_array_V_addr = getelementptr i42 %table_f_Z2_ap_ufixed_59_0_ap_q_mode_5_ap_o_mode_3_0_array_V, i64 0, i64 %zext_ln488_3"   --->   Operation 96 'getelementptr' 'table_f_Z2_ap_ufixed_59_0_ap_q_mode_5_ap_o_mode_3_0_array_V_addr' <Predicate = true> <Delay = 0.00>
ST_7 : Operation 97 [2/2] (2.66ns)   --->   "%f_Z2_V = load i8 %table_f_Z2_ap_ufixed_59_0_ap_q_mode_5_ap_o_mode_3_0_array_V_addr"   --->   Operation 97 'load' 'f_Z2_V' <Predicate = true> <Delay = 2.66> <CoreInst = "ROM">   --->   Core 95 'ROM' <Latency = 1> <II = 1> <Delay = 2.66> <Storage> <Opcode : 'load'> <Ports = 0> <Width = 42> <Depth = 256> <ROM>

State 8 <SV = 7> <Delay = 14.4>
ST_8 : Operation 98 [1/2] (2.66ns)   --->   "%exp_Z1_V = load i8 %table_exp_Z1_ap_ufixed_58_1_ap_q_mode_5_ap_o_mode_3_0_array_V_addr" [r:/ci/prod/2020.2/rdi_builds/continuous/2020_11_18_3064766/src/shared/hls/clib/hlsmath/include/FloatingPoint\hls_exp_.h:321]   --->   Operation 98 'load' 'exp_Z1_V' <Predicate = true> <Delay = 2.66> <CoreInst = "ROM">   --->   Core 95 'ROM' <Latency = 1> <II = 1> <Delay = 2.66> <Storage> <Opcode : 'load'> <Ports = 0> <Width = 58> <Depth = 256> <ROM>
ST_8 : Operation 99 [1/1] (0.00ns)   --->   "%zext_ln1146 = zext i43 %ret_V_10"   --->   Operation 99 'zext' 'zext_ln1146' <Predicate = true> <Delay = 0.00>
ST_8 : Operation 100 [1/1] (0.00ns)   --->   "%zext_ln657_3 = zext i36 %add_ln657"   --->   Operation 100 'zext' 'zext_ln657_3' <Predicate = true> <Delay = 0.00>
ST_8 : Operation 101 [1/1] (1.76ns)   --->   "%exp_Z2P_m_1_V = add i44 %zext_ln657_3, i44 %zext_ln1146"   --->   Operation 101 'add' 'exp_Z2P_m_1_V' <Predicate = true> <Delay = 1.76> <CoreInst = "Adder">   --->   Core 1 'Adder' <Latency = 0> <II = 1> <Delay = 1.46> <FuncUnit> <Opcode : 'add' 'sub'> <InPorts = 2> <OutPorts = 1>
ST_8 : Operation 102 [1/2] (2.66ns)   --->   "%f_Z2_V = load i8 %table_f_Z2_ap_ufixed_59_0_ap_q_mode_5_ap_o_mode_3_0_array_V_addr"   --->   Operation 102 'load' 'f_Z2_V' <Predicate = true> <Delay = 2.66> <CoreInst = "ROM">   --->   Core 95 'ROM' <Latency = 1> <II = 1> <Delay = 2.66> <Storage> <Opcode : 'load'> <Ports = 0> <Width = 42> <Depth = 256> <ROM>
ST_8 : Operation 103 [1/1] (0.00ns)   --->   "%tmp_3 = partselect i40 @_ssdm_op_PartSelect.i40.i42.i32.i32, i42 %f_Z2_V, i32 2, i32 41"   --->   Operation 103 'partselect' 'tmp_3' <Predicate = true> <Delay = 0.00>
ST_8 : Operation 104 [1/1] (0.00ns)   --->   "%exp_Z2_m_1_V = bitconcatenate i49 @_ssdm_op_BitConcatenate.i49.i8.i1.i40, i8 %Z2_V, i1 0, i40 %tmp_3"   --->   Operation 104 'bitconcatenate' 'exp_Z2_m_1_V' <Predicate = true> <Delay = 0.00>
ST_8 : Operation 105 [1/1] (0.00ns)   --->   "%zext_ln1069_1 = zext i49 %exp_Z2_m_1_V"   --->   Operation 105 'zext' 'zext_ln1069_1' <Predicate = true> <Delay = 0.00>
ST_8 : Operation 106 [1/1] (0.00ns)   --->   "%zext_ln1072_1 = zext i44 %exp_Z2P_m_1_V"   --->   Operation 106 'zext' 'zext_ln1072_1' <Predicate = true> <Delay = 0.00>
ST_8 : Operation 107 [1/1] (8.22ns)   --->   "%r_V_11 = mul i93 %zext_ln1069_1, i93 %zext_ln1072_1"   --->   Operation 107 'mul' 'r_V_11' <Predicate = true> <Delay = 8.22> <CoreInst = "Multiplier">   --->   Core 3 'Multiplier' <Latency = 0> <II = 1> <Delay = 8.20> <FuncUnit> <Opcode : 'mul'> <InPorts = 2> <OutPorts = 1>
ST_8 : Operation 108 [1/1] (0.00ns)   --->   "%lhs_V = bitconcatenate i51 @_ssdm_op_BitConcatenate.i51.i8.i1.i40.i2, i8 %Z2_V, i1 0, i40 %tmp_3, i2 0"   --->   Operation 108 'bitconcatenate' 'lhs_V' <Predicate = true> <Delay = 0.00>
ST_8 : Operation 109 [1/1] (0.00ns)   --->   "%zext_ln1146_1 = zext i51 %lhs_V"   --->   Operation 109 'zext' 'zext_ln1146_1' <Predicate = true> <Delay = 0.00>
ST_8 : Operation 110 [1/1] (0.00ns)   --->   "%trunc_ln657_5 = partselect i36 @_ssdm_op_PartSelect.i36.i93.i32.i32, i93 %r_V_11, i32 57, i32 92"   --->   Operation 110 'partselect' 'trunc_ln657_5' <Predicate = true> <Delay = 0.00>
ST_8 : Operation 111 [1/1] (0.00ns)   --->   "%zext_ln657_4 = zext i36 %trunc_ln657_5"   --->   Operation 111 'zext' 'zext_ln657_4' <Predicate = true> <Delay = 0.00>
ST_8 : Operation 112 [1/1] (1.77ns)   --->   "%add_ln657_2 = add i44 %exp_Z2P_m_1_V, i44 %zext_ln657_4"   --->   Operation 112 'add' 'add_ln657_2' <Predicate = true> <Delay = 1.77> <CoreInst = "Adder">   --->   Core 1 'Adder' <Latency = 0> <II = 1> <Delay = 1.46> <FuncUnit> <Opcode : 'add' 'sub'> <InPorts = 2> <OutPorts = 1>
ST_8 : Operation 113 [1/1] (0.00ns)   --->   "%zext_ln657_5 = zext i44 %add_ln657_2"   --->   Operation 113 'zext' 'zext_ln657_5' <Predicate = true> <Delay = 0.00>
ST_8 : Operation 114 [1/1] (1.82ns)   --->   "%exp_Z1P_m_1_l_V = add i52 %zext_ln657_5, i52 %zext_ln1146_1"   --->   Operation 114 'add' 'exp_Z1P_m_1_l_V' <Predicate = true> <Delay = 1.82> <CoreInst = "Adder">   --->   Core 1 'Adder' <Latency = 0> <II = 1> <Delay = 1.46> <FuncUnit> <Opcode : 'add' 'sub'> <InPorts = 2> <OutPorts = 1>
ST_8 : Operation 115 [1/1] (0.00ns)   --->   "%exp_Z1P_m_1_V = partselect i50 @_ssdm_op_PartSelect.i50.i52.i32.i32, i52 %exp_Z1P_m_1_l_V, i32 2, i32 51"   --->   Operation 115 'partselect' 'exp_Z1P_m_1_V' <Predicate = true> <Delay = 0.00>
ST_8 : Operation 116 [1/1] (0.00ns)   --->   "%exp_Z1_hi_V = partselect i50 @_ssdm_op_PartSelect.i50.i58.i32.i32, i58 %exp_Z1_V, i32 8, i32 57"   --->   Operation 116 'partselect' 'exp_Z1_hi_V' <Predicate = true> <Delay = 0.00>

State 9 <SV = 8> <Delay = 14.4>
ST_9 : Operation 117 [1/1] (1.91ns)   --->   "%ret_V_11 = add i58 %exp_Z1_V, i58 16"   --->   Operation 117 'add' 'ret_V_11' <Predicate = true> <Delay = 1.91> <CoreInst = "Adder">   --->   Core 1 'Adder' <Latency = 0> <II = 1> <Delay = 1.46> <FuncUnit> <Opcode : 'add' 'sub'> <InPorts = 2> <OutPorts = 1>
ST_9 : Operation 118 [1/1] (0.00ns)   --->   "%zext_ln1070 = zext i50 %exp_Z1_hi_V"   --->   Operation 118 'zext' 'zext_ln1070' <Predicate = true> <Delay = 0.00>
ST_9 : Operation 119 [1/1] (0.00ns)   --->   "%zext_ln1072_2 = zext i50 %exp_Z1P_m_1_V"   --->   Operation 119 'zext' 'zext_ln1072_2' <Predicate = true> <Delay = 0.00>
ST_9 : Operation 120 [1/1] (8.20ns)   --->   "%r_V_15 = mul i100 %zext_ln1072_2, i100 %zext_ln1070"   --->   Operation 120 'mul' 'r_V_15' <Predicate = true> <Delay = 8.20> <CoreInst = "Multiplier">   --->   Core 3 'Multiplier' <Latency = 0> <II = 1> <Delay = 8.20> <FuncUnit> <Opcode : 'mul'> <InPorts = 2> <OutPorts = 1>
ST_9 : Operation 121 [1/1] (0.00ns)   --->   "%lhs_V_3 = bitconcatenate i107 @_ssdm_op_BitConcatenate.i107.i58.i49, i58 %ret_V_11, i49 0"   --->   Operation 121 'bitconcatenate' 'lhs_V_3' <Predicate = true> <Delay = 0.00>
ST_9 : Operation 122 [1/1] (0.00ns)   --->   "%zext_ln1146_2 = zext i100 %r_V_15"   --->   Operation 122 'zext' 'zext_ln1146_2' <Predicate = true> <Delay = 0.00>
ST_9 : Operation 123 [1/1] (0.00ns)   --->   "%zext_ln1146_3 = zext i100 %r_V_15"   --->   Operation 123 'zext' 'zext_ln1146_3' <Predicate = (!x_is_NaN)> <Delay = 0.00>
ST_9 : Operation 124 [1/1] (0.00ns)   --->   "%trunc_ln1146 = trunc i58 %ret_V_11"   --->   Operation 124 'trunc' 'trunc_ln1146' <Predicate = (!x_is_NaN)> <Delay = 0.00>
ST_9 : Operation 125 [1/1] (0.00ns)   --->   "%trunc_ln1 = bitconcatenate i106 @_ssdm_op_BitConcatenate.i106.i57.i49, i57 %trunc_ln1146, i49 0"   --->   Operation 125 'bitconcatenate' 'trunc_ln1' <Predicate = (!x_is_NaN)> <Delay = 0.00>
ST_9 : Operation 126 [1/1] (0.00ns)   --->   "%zext_ln1146_4 = zext i100 %r_V_15"   --->   Operation 126 'zext' 'zext_ln1146_4' <Predicate = (!x_is_NaN)> <Delay = 0.00>
ST_9 : Operation 127 [1/1] (0.00ns)   --->   "%trunc_ln1146_2 = trunc i58 %ret_V_11"   --->   Operation 127 'trunc' 'trunc_ln1146_2' <Predicate = (!x_is_NaN)> <Delay = 0.00>
ST_9 : Operation 128 [1/1] (0.00ns)   --->   "%trunc_ln1146_1 = bitconcatenate i105 @_ssdm_op_BitConcatenate.i105.i56.i49, i56 %trunc_ln1146_2, i49 0"   --->   Operation 128 'bitconcatenate' 'trunc_ln1146_1' <Predicate = (!x_is_NaN)> <Delay = 0.00>
ST_9 : Operation 129 [1/1] (2.62ns)   --->   "%ret_V_6 = add i107 %lhs_V_3, i107 %zext_ln1146_2"   --->   Operation 129 'add' 'ret_V_6' <Predicate = true> <Delay = 2.62> <CoreInst = "Adder">   --->   Core 1 'Adder' <Latency = 0> <II = 1> <Delay = 1.46> <FuncUnit> <Opcode : 'add' 'sub'> <InPorts = 2> <OutPorts = 1>
ST_9 : Operation 130 [1/1] (2.59ns)   --->   "%add_ln1146_1 = add i105 %trunc_ln1146_1, i105 %zext_ln1146_4"   --->   Operation 130 'add' 'add_ln1146_1' <Predicate = (!x_is_NaN)> <Delay = 2.59> <CoreInst = "Adder">   --->   Core 1 'Adder' <Latency = 0> <II = 1> <Delay = 1.46> <FuncUnit> <Opcode : 'add' 'sub'> <InPorts = 2> <OutPorts = 1>
ST_9 : Operation 131 [1/1] (2.60ns)   --->   "%add_ln1146_2 = add i106 %trunc_ln1, i106 %zext_ln1146_3"   --->   Operation 131 'add' 'add_ln1146_2' <Predicate = (!x_is_NaN)> <Delay = 2.60> <CoreInst = "Adder">   --->   Core 1 'Adder' <Latency = 0> <II = 1> <Delay = 1.46> <FuncUnit> <Opcode : 'add' 'sub'> <InPorts = 2> <OutPorts = 1>
ST_9 : Operation 132 [1/1] (0.00ns)   --->   "%tmp_18 = bitselect i1 @_ssdm_op_BitSelect.i1.i107.i32, i107 %ret_V_6, i32 106"   --->   Operation 132 'bitselect' 'tmp_18' <Predicate = true> <Delay = 0.00>
ST_9 : Operation 133 [1/1] (1.51ns)   --->   "%r_exp_V = add i13 %ret_V_8, i13 8191"   --->   Operation 133 'add' 'r_exp_V' <Predicate = true> <Delay = 1.51> <CoreInst = "Adder">   --->   Core 1 'Adder' <Latency = 0> <II = 1> <Delay = 1.46> <FuncUnit> <Opcode : 'add' 'sub'> <InPorts = 2> <OutPorts = 1>
ST_9 : Operation 134 [1/1] (0.80ns)   --->   "%r_exp_V_2 = select i1 %tmp_18, i13 %ret_V_8, i13 %r_exp_V" [r:/ci/prod/2020.2/rdi_builds/continuous/2020_11_18_3064766/src/shared/hls/clib/hlsmath/include/FloatingPoint\hls_exp_.h:332]   --->   Operation 134 'select' 'r_exp_V_2' <Predicate = true> <Delay = 0.80> <CoreInst = "Sel">   --->   Core 73 'Sel' <Latency = 0> <II = 1> <Delay = 0.76> <FuncUnit> <Opcode : 'select'> <InPorts = 3> <OutPorts = 1>
ST_9 : Operation 135 [1/1] (0.00ns)   --->   "%tmp_19 = partselect i3 @_ssdm_op_PartSelect.i3.i13.i32.i32, i13 %r_exp_V_2, i32 10, i32 12"   --->   Operation 135 'partselect' 'tmp_19' <Predicate = true> <Delay = 0.00>
ST_9 : Operation 136 [1/1] (0.86ns)   --->   "%icmp_ln840 = icmp_sgt  i3 %tmp_19, i3 0"   --->   Operation 136 'icmp' 'icmp_ln840' <Predicate = true> <Delay = 0.86> <CoreInst = "Cmp">   --->   Core 9 'Cmp' <Latency = 0> <II = 1> <Delay = 1.31> <FuncUnit> <Opcode : 'icmp'> <InPorts = 2> <OutPorts = 1>
ST_9 : Operation 137 [1/1] (0.61ns)   --->   "%or_ln338 = or i1 %icmp_ln1453, i1 %icmp_ln840" [r:/ci/prod/2020.2/rdi_builds/continuous/2020_11_18_3064766/src/shared/hls/clib/hlsmath/include/FloatingPoint\hls_exp_.h:338]   --->   Operation 137 'or' 'or_ln338' <Predicate = true> <Delay = 0.61> <CoreInst = "LogicGate">   --->   Core 74 'LogicGate' <Latency = 0> <II = 1> <Delay = 0.61> <FuncUnit> <Opcode : 'and' 'or' 'xor'> <InPorts = 2> <OutPorts = 1>
ST_9 : Operation 138 [1/1] (0.00ns) (grouped into LUT with out node select_ln18)   --->   "%tmp_20 = bitselect i1 @_ssdm_op_BitSelect.i1.i54.i32, i54 %select_ln253, i32 53"   --->   Operation 138 'bitselect' 'tmp_20' <Predicate = (!x_is_NaN)> <Delay = 0.00>
ST_9 : Operation 139 [1/1] (0.00ns) (grouped into LUT with out node select_ln18)   --->   "%select_ln344 = select i1 %tmp_20, i64 0, i64 inf" [r:/ci/prod/2020.2/rdi_builds/continuous/2020_11_18_3064766/src/shared/hls/clib/hlsmath/include/FloatingPoint\hls_exp_.h:344]   --->   Operation 139 'select' 'select_ln344' <Predicate = (!x_is_NaN)> <Delay = 0.00> <CoreInst = "Sel">   --->   Core 73 'Sel' <Latency = 0> <II = 1> <Delay = 0.76> <FuncUnit> <Opcode : 'select'> <InPorts = 3> <OutPorts = 1>
ST_9 : Operation 140 [1/1] (1.31ns)   --->   "%icmp_ln844 = icmp_slt  i13 %r_exp_V_2, i13 7170"   --->   Operation 140 'icmp' 'icmp_ln844' <Predicate = true> <Delay = 1.31> <CoreInst = "Cmp">   --->   Core 9 'Cmp' <Latency = 0> <II = 1> <Delay = 1.31> <FuncUnit> <Opcode : 'icmp'> <InPorts = 2> <OutPorts = 1>
ST_9 : Operation 141 [1/1] (0.00ns) (grouped into LUT with out node select_ln18)   --->   "%tmp = partselect i52 @_ssdm_op_PartSelect.i52.i106.i32.i32, i106 %add_ln1146_2, i32 54, i32 105"   --->   Operation 141 'partselect' 'tmp' <Predicate = (!x_is_NaN)> <Delay = 0.00>
ST_9 : Operation 142 [1/1] (0.00ns) (grouped into LUT with out node select_ln18)   --->   "%tmp_s = partselect i52 @_ssdm_op_PartSelect.i52.i105.i32.i32, i105 %add_ln1146_1, i32 53, i32 104"   --->   Operation 142 'partselect' 'tmp_s' <Predicate = (!x_is_NaN)> <Delay = 0.00>
ST_9 : Operation 143 [1/1] (0.00ns) (grouped into LUT with out node select_ln18)   --->   "%tmp_24 = select i1 %tmp_18, i52 %tmp, i52 %tmp_s" [r:/ci/prod/2020.2/rdi_builds/continuous/2020_11_18_3064766/src/shared/hls/clib/hlsmath/include/FloatingPoint\hls_exp_.h:332]   --->   Operation 143 'select' 'tmp_24' <Predicate = (!x_is_NaN)> <Delay = 0.00> <CoreInst = "Sel">   --->   Core 73 'Sel' <Latency = 0> <II = 1> <Delay = 0.76> <FuncUnit> <Opcode : 'select'> <InPorts = 3> <OutPorts = 1>
ST_9 : Operation 144 [1/1] (0.00ns)   --->   "%trunc_ln167 = trunc i13 %r_exp_V_2"   --->   Operation 144 'trunc' 'trunc_ln167' <Predicate = (!x_is_NaN)> <Delay = 0.00>
ST_9 : Operation 145 [1/1] (1.46ns)   --->   "%out_exp_V = add i11 %trunc_ln167, i11 1023"   --->   Operation 145 'add' 'out_exp_V' <Predicate = (!x_is_NaN)> <Delay = 1.46> <CoreInst = "Adder">   --->   Core 1 'Adder' <Latency = 0> <II = 1> <Delay = 1.46> <FuncUnit> <Opcode : 'add' 'sub'> <InPorts = 2> <OutPorts = 1>
ST_9 : Operation 146 [1/1] (0.00ns) (grouped into LUT with out node select_ln18)   --->   "%p_Result_12 = bitconcatenate i63 @_ssdm_op_BitConcatenate.i63.i11.i52, i11 %out_exp_V, i52 %tmp_24"   --->   Operation 146 'bitconcatenate' 'p_Result_12' <Predicate = (!x_is_NaN)> <Delay = 0.00>
ST_9 : Operation 147 [1/1] (0.00ns) (grouped into LUT with out node select_ln18)   --->   "%zext_ln368 = zext i63 %p_Result_12"   --->   Operation 147 'zext' 'zext_ln368' <Predicate = (!x_is_NaN)> <Delay = 0.00>
ST_9 : Operation 148 [1/1] (0.00ns) (grouped into LUT with out node select_ln18)   --->   "%bitcast_ln521 = bitcast i64 %zext_ln368" [r:/ci/prod/2020.2/rdi_builds/continuous/2020_11_18_3064766/src/shared/hls/clib/src/hls\utils/x_hls_utils.h:521]   --->   Operation 148 'bitcast' 'bitcast_ln521' <Predicate = (!x_is_NaN)> <Delay = 0.00>
ST_9 : Operation 149 [1/1] (0.00ns) (grouped into LUT with out node xor_ln18)   --->   "%or_ln18 = or i1 %x_is_NaN, i1 %x_is_inf" [r:/ci/prod/2020.2/rdi_builds/continuous/2020_11_18_3064766/src/shared/hls/clib/hlsmath/include/FloatingPoint/hls_isinf.h:18]   --->   Operation 149 'or' 'or_ln18' <Predicate = true> <Delay = 0.00> <CoreInst = "LogicGate">   --->   Core 74 'LogicGate' <Latency = 0> <II = 1> <Delay = 0.61> <FuncUnit> <Opcode : 'and' 'or' 'xor'> <InPorts = 2> <OutPorts = 1>
ST_9 : Operation 150 [1/1] (0.61ns) (out node of the LUT)   --->   "%xor_ln18 = xor i1 %or_ln18, i1 1" [r:/ci/prod/2020.2/rdi_builds/continuous/2020_11_18_3064766/src/shared/hls/clib/hlsmath/include/FloatingPoint/hls_isinf.h:18]   --->   Operation 150 'xor' 'xor_ln18' <Predicate = true> <Delay = 0.61> <CoreInst = "LogicGate">   --->   Core 74 'LogicGate' <Latency = 0> <II = 1> <Delay = 0.61> <FuncUnit> <Opcode : 'and' 'or' 'xor'> <InPorts = 2> <OutPorts = 1>
ST_9 : Operation 151 [1/1] (0.00ns) (grouped into LUT with out node sel_tmp7)   --->   "%and_ln338 = and i1 %icmp_ln338, i1 %or_ln338" [r:/ci/prod/2020.2/rdi_builds/continuous/2020_11_18_3064766/src/shared/hls/clib/hlsmath/include/FloatingPoint\hls_exp_.h:338]   --->   Operation 151 'and' 'and_ln338' <Predicate = (!x_is_NaN)> <Delay = 0.00> <CoreInst = "LogicGate">   --->   Core 74 'LogicGate' <Latency = 0> <II = 1> <Delay = 0.61> <FuncUnit> <Opcode : 'and' 'or' 'xor'> <InPorts = 2> <OutPorts = 1>
ST_9 : Operation 152 [1/1] (0.00ns) (grouped into LUT with out node sel_tmp7)   --->   "%xor_ln338 = xor i1 %icmp_ln338, i1 1" [r:/ci/prod/2020.2/rdi_builds/continuous/2020_11_18_3064766/src/shared/hls/clib/hlsmath/include/FloatingPoint\hls_exp_.h:338]   --->   Operation 152 'xor' 'xor_ln338' <Predicate = (!x_is_NaN)> <Delay = 0.00> <CoreInst = "LogicGate">   --->   Core 74 'LogicGate' <Latency = 0> <II = 1> <Delay = 0.61> <FuncUnit> <Opcode : 'and' 'or' 'xor'> <InPorts = 2> <OutPorts = 1>
ST_9 : Operation 153 [1/1] (0.00ns) (grouped into LUT with out node sel_tmp7)   --->   "%and_ln840 = and i1 %icmp_ln840, i1 %xor_ln338"   --->   Operation 153 'and' 'and_ln840' <Predicate = (!x_is_NaN)> <Delay = 0.00> <CoreInst = "LogicGate">   --->   Core 74 'LogicGate' <Latency = 0> <II = 1> <Delay = 0.61> <FuncUnit> <Opcode : 'and' 'or' 'xor'> <InPorts = 2> <OutPorts = 1>
ST_9 : Operation 154 [1/1] (0.00ns) (grouped into LUT with out node sel_tmp7)   --->   "%or_ln840 = or i1 %and_ln338, i1 %and_ln840"   --->   Operation 154 'or' 'or_ln840' <Predicate = (!x_is_NaN)> <Delay = 0.00> <CoreInst = "LogicGate">   --->   Core 74 'LogicGate' <Latency = 0> <II = 1> <Delay = 0.61> <FuncUnit> <Opcode : 'and' 'or' 'xor'> <InPorts = 2> <OutPorts = 1>
ST_9 : Operation 155 [1/1] (0.61ns) (out node of the LUT)   --->   "%sel_tmp7 = and i1 %or_ln840, i1 %xor_ln18"   --->   Operation 155 'and' 'sel_tmp7' <Predicate = (!x_is_NaN)> <Delay = 0.61> <CoreInst = "LogicGate">   --->   Core 74 'LogicGate' <Latency = 0> <II = 1> <Delay = 0.61> <FuncUnit> <Opcode : 'and' 'or' 'xor'> <InPorts = 2> <OutPorts = 1>
ST_9 : Operation 156 [1/1] (0.00ns) (grouped into LUT with out node select_ln18)   --->   "%sel_tmp8 = select i1 %sel_tmp7, i64 %select_ln344, i64 %bitcast_ln521"   --->   Operation 156 'select' 'sel_tmp8' <Predicate = (!x_is_NaN)> <Delay = 0.00> <CoreInst = "Sel">   --->   Core 73 'Sel' <Latency = 0> <II = 1> <Delay = 0.76> <FuncUnit> <Opcode : 'select'> <InPorts = 3> <OutPorts = 1>
ST_9 : Operation 157 [1/1] (0.76ns) (out node of the LUT)   --->   "%select_ln18 = select i1 %x_is_NaN, i64 nan, i64 %sel_tmp8" [r:/ci/prod/2020.2/rdi_builds/continuous/2020_11_18_3064766/src/shared/hls/clib/hlsmath/include/FloatingPoint/hls_isnan.h:18]   --->   Operation 157 'select' 'select_ln18' <Predicate = true> <Delay = 0.76> <CoreInst = "Sel">   --->   Core 73 'Sel' <Latency = 0> <II = 1> <Delay = 0.76> <FuncUnit> <Opcode : 'select'> <InPorts = 3> <OutPorts = 1>
ST_9 : Operation 158 [1/1] (0.00ns) (grouped into LUT with out node sel_tmp23)   --->   "%xor_ln338_1 = xor i1 %or_ln338, i1 1" [r:/ci/prod/2020.2/rdi_builds/continuous/2020_11_18_3064766/src/shared/hls/clib/hlsmath/include/FloatingPoint\hls_exp_.h:338]   --->   Operation 158 'xor' 'xor_ln338_1' <Predicate = true> <Delay = 0.00> <CoreInst = "LogicGate">   --->   Core 74 'LogicGate' <Latency = 0> <II = 1> <Delay = 0.61> <FuncUnit> <Opcode : 'and' 'or' 'xor'> <InPorts = 2> <OutPorts = 1>
ST_9 : Operation 159 [1/1] (0.00ns) (grouped into LUT with out node sel_tmp23)   --->   "%and_ln338_1 = and i1 %icmp_ln338, i1 %xor_ln338_1" [r:/ci/prod/2020.2/rdi_builds/continuous/2020_11_18_3064766/src/shared/hls/clib/hlsmath/include/FloatingPoint\hls_exp_.h:338]   --->   Operation 159 'and' 'and_ln338_1' <Predicate = true> <Delay = 0.00> <CoreInst = "LogicGate">   --->   Core 74 'LogicGate' <Latency = 0> <II = 1> <Delay = 0.61> <FuncUnit> <Opcode : 'and' 'or' 'xor'> <InPorts = 2> <OutPorts = 1>
ST_9 : Operation 160 [1/1] (0.00ns) (grouped into LUT with out node sel_tmp23)   --->   "%or_ln840_1 = or i1 %icmp_ln338, i1 %icmp_ln840"   --->   Operation 160 'or' 'or_ln840_1' <Predicate = true> <Delay = 0.00> <CoreInst = "LogicGate">   --->   Core 74 'LogicGate' <Latency = 0> <II = 1> <Delay = 0.61> <FuncUnit> <Opcode : 'and' 'or' 'xor'> <InPorts = 2> <OutPorts = 1>
ST_9 : Operation 161 [1/1] (0.00ns) (grouped into LUT with out node sel_tmp23)   --->   "%xor_ln840 = xor i1 %or_ln840_1, i1 1"   --->   Operation 161 'xor' 'xor_ln840' <Predicate = true> <Delay = 0.00> <CoreInst = "LogicGate">   --->   Core 74 'LogicGate' <Latency = 0> <II = 1> <Delay = 0.61> <FuncUnit> <Opcode : 'and' 'or' 'xor'> <InPorts = 2> <OutPorts = 1>
ST_9 : Operation 162 [1/1] (0.00ns) (grouped into LUT with out node sel_tmp23)   --->   "%or_ln840_2 = or i1 %and_ln338_1, i1 %xor_ln840"   --->   Operation 162 'or' 'or_ln840_2' <Predicate = true> <Delay = 0.00> <CoreInst = "LogicGate">   --->   Core 74 'LogicGate' <Latency = 0> <II = 1> <Delay = 0.61> <FuncUnit> <Opcode : 'and' 'or' 'xor'> <InPorts = 2> <OutPorts = 1>
ST_9 : Operation 163 [1/1] (0.00ns) (grouped into LUT with out node sel_tmp23)   --->   "%tmp27 = and i1 %or_ln840_2, i1 %xor_ln18"   --->   Operation 163 'and' 'tmp27' <Predicate = true> <Delay = 0.00> <CoreInst = "LogicGate">   --->   Core 74 'LogicGate' <Latency = 0> <II = 1> <Delay = 0.61> <FuncUnit> <Opcode : 'and' 'or' 'xor'> <InPorts = 2> <OutPorts = 1>
ST_9 : Operation 164 [1/1] (0.61ns) (out node of the LUT)   --->   "%sel_tmp23 = and i1 %tmp27, i1 %icmp_ln844"   --->   Operation 164 'and' 'sel_tmp23' <Predicate = true> <Delay = 0.61> <CoreInst = "LogicGate">   --->   Core 74 'LogicGate' <Latency = 0> <II = 1> <Delay = 0.61> <FuncUnit> <Opcode : 'and' 'or' 'xor'> <InPorts = 2> <OutPorts = 1>

State 10 <SV = 9> <Delay = 1.52>
ST_10 : Operation 165 [1/1] (0.00ns)   --->   "%specpipeline_ln185 = specpipeline void @_ssdm_op_SpecPipeline, i32 4294967295, i32 0, i32 0, i32 0, void @empty_7" [r:/ci/prod/2020.2/rdi_builds/continuous/2020_11_18_3064766/src/shared/hls/clib/hlsmath/include/FloatingPoint\hls_exp_.h:185]   --->   Operation 165 'specpipeline' 'specpipeline_ln185' <Predicate = true> <Delay = 0.00>
ST_10 : Operation 166 [1/1] (0.00ns) (grouped into LUT with out node select_ln214)   --->   "%xor_ln964 = xor i1 %p_Result_9, i1 1"   --->   Operation 166 'xor' 'xor_ln964' <Predicate = (!sel_tmp23)> <Delay = 0.00> <CoreInst = "LogicGate">   --->   Core 74 'LogicGate' <Latency = 0> <II = 1> <Delay = 0.61> <FuncUnit> <Opcode : 'and' 'or' 'xor'> <InPorts = 2> <OutPorts = 1>
ST_10 : Operation 167 [1/1] (0.00ns) (grouped into LUT with out node select_ln214)   --->   "%x_is_pinf = and i1 %x_is_inf, i1 %xor_ln964" [r:/ci/prod/2020.2/rdi_builds/continuous/2020_11_18_3064766/src/shared/hls/clib/hlsmath/include/FloatingPoint\hls_exp_.h:211]   --->   Operation 167 'and' 'x_is_pinf' <Predicate = (!sel_tmp23)> <Delay = 0.00> <CoreInst = "LogicGate">   --->   Core 74 'LogicGate' <Latency = 0> <II = 1> <Delay = 0.61> <FuncUnit> <Opcode : 'and' 'or' 'xor'> <InPorts = 2> <OutPorts = 1>
ST_10 : Operation 168 [1/1] (0.00ns) (grouped into LUT with out node select_ln214)   --->   "%or_ln214 = or i1 %x_is_NaN, i1 %x_is_pinf" [r:/ci/prod/2020.2/rdi_builds/continuous/2020_11_18_3064766/src/shared/hls/clib/hlsmath/include/FloatingPoint\hls_exp_.h:214]   --->   Operation 168 'or' 'or_ln214' <Predicate = (!sel_tmp23)> <Delay = 0.00> <CoreInst = "LogicGate">   --->   Core 74 'LogicGate' <Latency = 0> <II = 1> <Delay = 0.61> <FuncUnit> <Opcode : 'and' 'or' 'xor'> <InPorts = 2> <OutPorts = 1>
ST_10 : Operation 169 [1/1] (0.76ns) (out node of the LUT)   --->   "%select_ln214 = select i1 %or_ln214, i64 inf, i64 0" [r:/ci/prod/2020.2/rdi_builds/continuous/2020_11_18_3064766/src/shared/hls/clib/hlsmath/include/FloatingPoint\hls_exp_.h:214]   --->   Operation 169 'select' 'select_ln214' <Predicate = (!sel_tmp23)> <Delay = 0.76> <CoreInst = "Sel">   --->   Core 73 'Sel' <Latency = 0> <II = 1> <Delay = 0.76> <FuncUnit> <Opcode : 'select'> <InPorts = 3> <OutPorts = 1>
ST_10 : Operation 170 [1/1] (0.00ns) (grouped into LUT with out node retval_0)   --->   "%xor_ln18_1 = xor i1 %x_is_NaN, i1 1" [r:/ci/prod/2020.2/rdi_builds/continuous/2020_11_18_3064766/src/shared/hls/clib/hlsmath/include/FloatingPoint/hls_isnan.h:18]   --->   Operation 170 'xor' 'xor_ln18_1' <Predicate = (!sel_tmp23)> <Delay = 0.00> <CoreInst = "LogicGate">   --->   Core 74 'LogicGate' <Latency = 0> <II = 1> <Delay = 0.61> <FuncUnit> <Opcode : 'and' 'or' 'xor'> <InPorts = 2> <OutPorts = 1>
ST_10 : Operation 171 [1/1] (0.00ns) (grouped into LUT with out node retval_0)   --->   "%and_ln18 = and i1 %x_is_inf, i1 %xor_ln18_1" [r:/ci/prod/2020.2/rdi_builds/continuous/2020_11_18_3064766/src/shared/hls/clib/hlsmath/include/FloatingPoint/hls_isinf.h:18]   --->   Operation 171 'and' 'and_ln18' <Predicate = (!sel_tmp23)> <Delay = 0.00> <CoreInst = "LogicGate">   --->   Core 74 'LogicGate' <Latency = 0> <II = 1> <Delay = 0.61> <FuncUnit> <Opcode : 'and' 'or' 'xor'> <InPorts = 2> <OutPorts = 1>
ST_10 : Operation 172 [1/1] (0.00ns) (grouped into LUT with out node retval_0)   --->   "%select_ln18_1 = select i1 %and_ln18, i64 %select_ln214, i64 %select_ln18" [r:/ci/prod/2020.2/rdi_builds/continuous/2020_11_18_3064766/src/shared/hls/clib/hlsmath/include/FloatingPoint/hls_isinf.h:18]   --->   Operation 172 'select' 'select_ln18_1' <Predicate = (!sel_tmp23)> <Delay = 0.00> <CoreInst = "Sel">   --->   Core 73 'Sel' <Latency = 0> <II = 1> <Delay = 0.76> <FuncUnit> <Opcode : 'select'> <InPorts = 3> <OutPorts = 1>
ST_10 : Operation 173 [1/1] (0.76ns) (out node of the LUT)   --->   "%retval_0 = select i1 %sel_tmp23, i64 0, i64 %select_ln18_1"   --->   Operation 173 'select' 'retval_0' <Predicate = true> <Delay = 0.76> <CoreInst = "Sel">   --->   Core 73 'Sel' <Latency = 0> <II = 1> <Delay = 0.76> <FuncUnit> <Opcode : 'select'> <InPorts = 3> <OutPorts = 1>
ST_10 : Operation 174 [1/1] (0.00ns)   --->   "%ret_ln368 = ret i64 %retval_0" [r:/ci/prod/2020.2/rdi_builds/continuous/2020_11_18_3064766/src/shared/hls/clib/hlsmath/include/FloatingPoint\hls_exp_.h:368]   --->   Operation 174 'ret' 'ret_ln368' <Predicate = true> <Delay = 0.00>


============================================================
+ Verbose Summary: Timing violations
============================================================
Target clock period: 20ns, clock uncertainty: 5.4ns.

 <State 1>: 8.36ns
The critical path consists of the following:
	wire read on port 'x' (r:/ci/prod/2020.2/rdi_builds/continuous/2020_11_18_3064766/src/shared/hls/clib/hlsmath/include/FloatingPoint\hls_exp_.h:185) [9]  (0 ns)
	'sub' operation ('e_frac.V') [26]  (1.86 ns)
	'select' operation ('select_ln253', r:/ci/prod/2020.2/rdi_builds/continuous/2020_11_18_3064766/src/shared/hls/clib/hlsmath/include/FloatingPoint\hls_exp_.h:253) [27]  (0.68 ns)
	'shl' operation ('r.V') [37]  (0 ns)
	'select' operation ('r.V') [38]  (2.9 ns)
	'ashr' operation ('r.V') [42]  (0 ns)
	'select' operation ('select_ln1322') [129]  (0 ns)
	'icmp' operation ('icmp_ln1453') [131]  (2.91 ns)

 <State 2>: 0.99ns
The critical path consists of the following:
	'mul' operation of DSP[49] ('r.V') [46]  (0.99 ns)

 <State 3>: 1.78ns
The critical path consists of the following:
	'mul' operation of DSP[49] ('r.V') [46]  (0 ns)
	'add' operation of DSP[49] ('ret.V') [49]  (1.78 ns)

 <State 4>: 4.1ns
The critical path consists of the following:
	'add' operation of DSP[49] ('ret.V') [49]  (1.78 ns)
	'add' operation ('ret.V') [54]  (1.52 ns)
	'select' operation ('select_ln804') [55]  (0 ns)
	'select' operation ('ret.V') [56]  (0.801 ns)

 <State 5>: 12.2ns
The critical path consists of the following:
	'mul' operation ('r.V') [58]  (10.3 ns)
	'sub' operation ('m_diff.V') [62]  (1.93 ns)

 <State 6>: 2.66ns
The critical path consists of the following:
	'getelementptr' operation ('table_f_Z3_ap_ufixed_59_0_ap_q_mode_5_ap_o_mode_3_0_array_V_addr') [72]  (0 ns)
	'load' operation ('table_f_Z3_ap_ufixed_59_0_ap_q_mode_5_ap_o_mode_3_0_array_V_load') on array 'table_f_Z3_ap_ufixed_59_0_ap_q_mode_5_ap_o_mode_3_0_array_V' [73]  (2.66 ns)

 <State 7>: 13.7ns
The critical path consists of the following:
	'load' operation ('table_f_Z3_ap_ufixed_59_0_ap_q_mode_5_ap_o_mode_3_0_array_V_load') on array 'table_f_Z3_ap_ufixed_59_0_ap_q_mode_5_ap_o_mode_3_0_array_V' [73]  (2.66 ns)
	'add' operation ('ret.V') [77]  (1.68 ns)
	'mul' operation ('r.V') [85]  (7.69 ns)
	'add' operation ('add_ln657') [88]  (1.69 ns)

 <State 8>: 14.5ns
The critical path consists of the following:
	'load' operation ('f_Z2.V') on array 'table_f_Z2_ap_ufixed_59_0_ap_q_mode_5_ap_o_mode_3_0_array_V' [93]  (2.66 ns)
	'mul' operation ('r.V') [98]  (8.23 ns)
	'add' operation ('add_ln657_2') [103]  (1.77 ns)
	'add' operation ('exp_Z1P_m_1_l.V') [105]  (1.82 ns)

 <State 9>: 14.5ns
The critical path consists of the following:
	'mul' operation ('r.V') [111]  (8.2 ns)
	'add' operation ('ret.V') [120]  (2.62 ns)
	'select' operation ('r_exp.V', r:/ci/prod/2020.2/rdi_builds/continuous/2020_11_18_3064766/src/shared/hls/clib/hlsmath/include/FloatingPoint\hls_exp_.h:332) [125]  (0.801 ns)
	'icmp' operation ('icmp_ln840') [128]  (0.865 ns)
	'or' operation ('or_ln338', r:/ci/prod/2020.2/rdi_builds/continuous/2020_11_18_3064766/src/shared/hls/clib/hlsmath/include/FloatingPoint\hls_exp_.h:338) [132]  (0.616 ns)
	'and' operation ('and_ln338', r:/ci/prod/2020.2/rdi_builds/continuous/2020_11_18_3064766/src/shared/hls/clib/hlsmath/include/FloatingPoint\hls_exp_.h:338) [146]  (0 ns)
	'or' operation ('or_ln840') [149]  (0 ns)
	'and' operation ('sel_tmp7') [150]  (0.616 ns)
	'select' operation ('sel_tmp8') [151]  (0 ns)
	'select' operation ('select_ln18', r:/ci/prod/2020.2/rdi_builds/continuous/2020_11_18_3064766/src/shared/hls/clib/hlsmath/include/FloatingPoint/hls_isnan.h:18) [152]  (0.763 ns)

 <State 10>: 1.53ns
The critical path consists of the following:
	'xor' operation ('xor_ln964') [19]  (0 ns)
	'and' operation ('x_is_pinf', r:/ci/prod/2020.2/rdi_builds/continuous/2020_11_18_3064766/src/shared/hls/clib/hlsmath/include/FloatingPoint\hls_exp_.h:211) [20]  (0 ns)
	'or' operation ('or_ln214', r:/ci/prod/2020.2/rdi_builds/continuous/2020_11_18_3064766/src/shared/hls/clib/hlsmath/include/FloatingPoint\hls_exp_.h:214) [21]  (0 ns)
	'select' operation ('select_ln214', r:/ci/prod/2020.2/rdi_builds/continuous/2020_11_18_3064766/src/shared/hls/clib/hlsmath/include/FloatingPoint\hls_exp_.h:214) [22]  (0.763 ns)
	'select' operation ('select_ln18_1', r:/ci/prod/2020.2/rdi_builds/continuous/2020_11_18_3064766/src/shared/hls/clib/hlsmath/include/FloatingPoint/hls_isinf.h:18) [155]  (0 ns)
	'select' operation ('retval_0') [163]  (0.763 ns)


============================================================
+ Verbose Summary: Binding
============================================================
N/A
* FSMD analyzer results:
  - Output states:
 - Input state : 
  - Chain level:
	State 1
	State 2
	State 3
	State 4
	State 5
	State 6
	State 7
	State 8
	State 9
	State 10


============================================================
+ Verbose Summary: Datapath Resource usage 
============================================================
N/A
