

================================================================
== Synthesis Summary Report of 'l3'
================================================================
+ General Information: 
    * Date:           Tue Feb 10 10:25:49 2026
    * Version:        2020.2 (Build 3064766 on Wed Nov 18 09:12:45 MST 2020)
    * Project:        PBDVitisHLS
    * Solution:       solution1 (Vivado IP Flow Target)
    * Product family: zynq
    * Target device:  xc7z020-clg400-1
    

+ Performance & Resource Estimates: 
    
    PS: '+' for module; 'o' for loop; '*' for dataflow
    +--------------------------------------+------+--------+---------+-----------+----------+---------+------+----------+----------+----------+-------------+-------------+-----+
    |                Modules               | Issue|        | Latency |  Latency  | Iteration|         | Trip |          |          |          |             |             |     |
    |                & Loops               | Type |  Slack | (cycles)|    (ns)   |  Latency | Interval| Count| Pipelined|   BRAM   |    DSP   |      FF     |     LUT     | URAM|
    +--------------------------------------+------+--------+---------+-----------+----------+---------+------+----------+----------+----------+-------------+-------------+-----+
    |+ l3                                  |     -|    0.00|    50444|  1.009e+06|         -|    50445|     -|        no|  34 (12%)|  22 (10%)|  18365 (17%)|  19689 (37%)|    -|
    | o LOAD_L2                            |     -|  -18.00|     1025|  2.050e+04|        13|        1|  1014|       yes|         -|         -|            -|            -|    -|
    | o COMPUTE_OUTER_COMPUTE_J_COMPUTE_K  |    II|  -18.00|    48151|  9.630e+05|       690|       38|  1250|       yes|         -|         -|            -|            -|    -|
    | o STORE_L3                           |     -|  -18.00|     1251|  2.502e+04|         3|        1|  1250|       yes|         -|         -|            -|            -|    -|
    +--------------------------------------+------+--------+---------+-----------+----------+---------+------+----------+----------+----------+-------------+-------------+-----+

