

================================================================
== Synthesis Summary Report of 'l3'
================================================================
+ General Information: 
    * Date:           Sun Feb  8 22:48:15 2026
    * Version:        2020.2 (Build 3064766 on Wed Nov 18 09:12:45 MST 2020)
    * Project:        PBDVitisHLS2
    * Solution:       solution1 (Vivado IP Flow Target)
    * Product family: zynq
    * Target device:  xc7z020-clg400-1
    

+ Performance & Resource Estimates: 
    
    PS: '+' for module; 'o' for loop; '*' for dataflow
    +----------------------------------------------------+--------+--------+---------+-----------+----------+---------+------+----------+----------+----------+-----------+------------+-----+
    |                       Modules                      |  Issue |        | Latency |  Latency  | Iteration|         | Trip |          |          |          |           |            |     |
    |                       & Loops                      |  Type  |  Slack | (cycles)|    (ns)   |  Latency | Interval| Count| Pipelined|   BRAM   |    DSP   |     FF    |     LUT    | URAM|
    +----------------------------------------------------+--------+--------+---------+-----------+----------+---------+------+----------+----------+----------+-----------+------------+-----+
    |+ l3                                                |  Timing|    0.00|   852281|  1.705e+07|         -|   852282|     -|        no|  29 (10%)|  34 (15%)|  5495 (5%)|  9819 (18%)|    -|
    | + grp_generic_tanh_double_s_fu_704                 |       -|   -0.44|       55|  1.100e+03|         -|       55|     -|        no|    5 (1%)|    9 (4%)|  2726 (2%)|  5438 (10%)|    -|
    |  + grp_exp_generic_double_s_fu_87                  |      II|   -0.91|       11|    220.000|         -|        1|     -|       yes|    5 (1%)|    6 (2%)|  1483 (1%)|   2930 (5%)|    -|
    | o VITIS_LOOP_56_1_VITIS_LOOP_57_2_VITIS_LOOP_58_3  |       -|  -14.60|     1016|  2.032e+04|         4|        1|  1014|       yes|         -|         -|          -|           -|    -|
    | o MAIN_LOOP_VITIS_LOOP_71_4_VITIS_LOOP_72_5        |       -|  -14.60|   851250|  1.702e+07|       681|        -|  1250|        no|         -|         -|          -|           -|    -|
    |  o VITIS_LOOP_75_6_LOOP5_VITIS_LOOP_77_7           |      II|  -14.60|      608|  1.216e+04|        17|        8|    75|       yes|         -|         -|          -|           -|    -|
    +----------------------------------------------------+--------+--------+---------+-----------+----------+---------+------+----------+----------+----------+-----------+------------+-----+

