

================================================================
== Synthesis Summary Report of 'calculateLayer34'
================================================================
+ General Information: 
    * Date:           Thu Jan 15 17:49:35 2026
    * Version:        2020.2 (Build 3064766 on Wed Nov 18 09:12:45 MST 2020)
    * Project:        PBDHLS
    * Solution:       solution1 (Vivado IP Flow Target)
    * Product family: virtex7
    * Target device:  xc7vx485t-ffg1157-1
    

+ Performance & Resource Estimates: 
    
    PS: '+' for module; 'o' for loop; '*' for dataflow
    +-----------------------------------------------------+--------+--------+---------+-----------+----------+---------+------+----------+------------+---------+------------+-------------+-----+
    |                       Modules                       |  Issue |        | Latency |  Latency  | Iteration|         | Trip |          |            |         |            |             |     |
    |                       & Loops                       |  Type  |  Slack | (cycles)|    (ns)   |  Latency | Interval| Count| Pipelined|    BRAM    |   DSP   |     FF     |     LUT     | URAM|
    +-----------------------------------------------------+--------+--------+---------+-----------+----------+---------+------+----------+------------+---------+------------+-------------+-----+
    |+ calculateLayer34                                   |  Timing|    0.44|   187817|  3.756e+06|         -|   187818|     -|        no|  1049 (50%)|  80 (2%)|  32343 (5%)|  35429 (11%)|    -|
    | + grp_calculateLayer3_301_302_1_fu_86               |  Timing|    0.44|   187644|  3.753e+06|         -|   187644|     -|        no|    16 (~0%)|        -|  19044 (3%)|   22813 (7%)|    -|
    |  + grp_generic_tanh_double_s_fu_4844                |      II|   -0.11|       38|    760.000|         -|        1|     -|       yes|     5 (~0%)|  35 (1%)|   8925 (1%)|    8617 (2%)|    -|
    |   + grp_exp_generic_double_s_fu_87                  |      II|   -0.11|        9|    180.000|         -|        1|     -|       yes|     5 (~0%)|  6 (~0%)|  1129 (~0%)|   2929 (~0%)|    -|
    |  o VITIS_LOOP_54_1_VITIS_LOOP_55_2_VITIS_LOOP_56_3  |      II|  -14.60|   187642|  3.753e+06|       293|      150|  1250|       yes|           -|        -|           -|            -|    -|
    | + grp_calculateLayer4_1_fu_112                      |  Timing|    0.00|      170|  3.400e+03|         -|      170|     -|        no|  1024 (49%)|        -|   982 (~0%)|    409 (~0%)|    -|
    |  + grp_generic_tanh_double_s_fu_200                 |      II|   -0.11|       38|    760.000|         -|        1|     -|       yes|     5 (~0%)|  35 (1%)|   8925 (1%)|    8617 (2%)|    -|
    |   + grp_exp_generic_double_s_fu_87                  |      II|   -0.11|        9|    180.000|         -|        1|     -|       yes|     5 (~0%)|  6 (~0%)|  1129 (~0%)|   2929 (~0%)|    -|
    |  o VITIS_LOOP_81_1                                  |       -|  -14.60|      164|  3.280e+03|        66|        1|   100|       yes|           -|        -|           -|            -|    -|
    +-----------------------------------------------------+--------+--------+---------+-----------+----------+---------+------+----------+------------+---------+------------+-------------+-----+

